[www.gladiatorhomeimprovement.com/index.html]
[backblue.gif]
[fade.gif]
[index.html]
[www.gladiatorhomeimprovement.com/xmlrpc.php]
[www.gladiatorhomeimprovement.com/wp-includes/css/dist/block-library/style.minef10.css]
[www.gladiatorhomeimprovement.com/wp-content/plugins/contact-form-7/includes/css/styles7404.css]
[www.gladiatorhomeimprovement.com/feed/index.html]
[www.gladiatorhomeimprovement.com/comments/feed/index.html]
[www.gladiatorhomeimprovement.com/wp-content/plugins/honeypot/includes/css/wpa761a.css]
[www.gladiatorhomeimprovement.com/wp-content/plugins/wpcf7-redirect/build/css/wpcf7-redirect-frontend.min4963.css]
[www.gladiatorhomeimprovement.com/wp-includes/css/dashicons.minef10.css]
[www.gladiatorhomeimprovement.com/wp-content/plugins/my-reviews/build/style-index8a54.css]
[www.gladiatorhomeimprovement.com/wp-content/themes/theme-echo/style363c.css]
[www.gladiatorhomeimprovement.com/wp-content/themes/theme-echo/dist/css/bundle-5b1e4e306aef10.css]
[www.gladiatorhomeimprovement.com/wp-includes/js/jquery/jquery.minf43b.js]
[www.gladiatorhomeimprovement.com/wp-includes/js/jquery/jquery-migrate.min5589.js]
[www.gladiatorhomeimprovement.com/wp-json/wp/v2/pages/6.json]
[www.gladiatorhomeimprovement.com/xmlrpc0db0.php]
[www.gladiatorhomeimprovement.com/wp-json/index.html]
[www.gladiatorhomeimprovement.com/wp-json/oembed/1.0/embed94d6.json]
[www.gladiatorhomeimprovement.com/wp-json/oembed/1.0/embed1bd5]
[www.gladiatorhomeimprovement.com/wp-content/uploads/2023/11/cropped-favicon-32x32.webp]
[www.gladiatorhomeimprovement.com/wp-content/uploads/2023/11/cropped-favicon-192x192.webp]
[www.gladiatorhomeimprovement.com/wp-content/uploads/2023/11/cropped-favicon-180x180.webp]
[www.gladiatorhomeimprovement.com/wp-content/uploads/2024/04/GHI-New-Logo.svg]
[www.gladiatorhomeimprovement.com/wp-content/uploads/2024/04/GHI-Black-Logo.svg]
[www.gladiatorhomeimprovement.com/wp-content/themes/theme-echo/dist/images/temp/info-icon.svg]
[www.gladiatorhomeimprovement.com/wp-content/themes/theme-echo/dist/images/temp/close.svg]
[www.gladiatorhomeimprovement.com/wp-content/themes/theme-echo/dist/images/temp/email-Icon.svg]
[www.gladiatorhomeimprovement.com/interior-painter/index.html]
[www.gladiatorhomeimprovement.com/about/index.html]
[www.gladiatorhomeimprovement.com/exterior-painter/index.html]
[www.gladiatorhomeimprovement.com/deck-staining-service/index.html]
[www.gladiatorhomeimprovement.com/wp-content/themes/theme-echo/dist/images/temp/phone.svg]
[www.gladiatorhomeimprovement.com/meet-the-team/index.html]
[www.gladiatorhomeimprovement.com/areas-we-serve/index.html]
[www.gladiatorhomeimprovement.com/wood-rot-repair/index.html]
[www.gladiatorhomeimprovement.com/gutter-cleaning-services/index.html]
[www.gladiatorhomeimprovement.com/wp-content/uploads/2024/01/grey-house-with-white-trim.webp]
[www.gladiatorhomeimprovement.com/wp-content/uploads/2023/11/close-up-exterior-painted-wall.webp]
[www.gladiatorhomeimprovement.com/gallery/index.html]
[www.gladiatorhomeimprovement.com/contact/index.html]
[www.gladiatorhomeimprovement.com/wp-content/uploads/2023/11/front-of-a-house-exterior-painting.webp]
[www.gladiatorhomeimprovement.com/wp-content/uploads/2023/11/interior-painting-services-500x500.webp]
[www.gladiatorhomeimprovement.com/wp-content/uploads/2024/04/exterior-view-of-a-house-after-painting-500x500.webp]
[www.gladiatorhomeimprovement.com/wp-content/uploads/2023/11/staining-services-500x500.webp]
[www.gladiatorhomeimprovement.com/wp-content/uploads/2023/11/map.webp]
[www.gladiatorhomeimprovement.com/wp-content/plugins/contact-form-7/includes/swv/js/index7404.js]
[www.gladiatorhomeimprovement.com/wp-content/plugins/contact-form-7/includes/js/index7404.js]
[www.gladiatorhomeimprovement.com/wp-content/plugins/honeypot/includes/js/wpa761a.js]
[www.gladiatorhomeimprovement.com/wp-content/plugins/my-reviews/build/index8a54.js]
[www.gladiatorhomeimprovement.com/wp-content/plugins/wpcf7-redirect/build/js/wpcf7r-fe4963.js]
[www.gladiatorhomeimprovement.com/wp-includes/js/comment-reply.minef10.js]
[www.gladiatorhomeimprovement.com/wp-content/themes/theme-echo/dist/js/bundle-c2fd1167b1.js]
[www.gladiatorhomeimprovement.com/wp-includes/js/dist/vendor/wp-polyfill-inert.min0226.js]
[www.gladiatorhomeimprovement.com/wp-includes/js/dist/vendor/regenerator-runtime.min6c85.js]
[www.gladiatorhomeimprovement.com/wp-includes/js/dist/vendor/wp-polyfill.min2c7c.js]
[www.gladiatorhomeimprovement.com/index.html]
[www.gladiatorhomeimprovement.com/xmlrpc.html]
[www.gladiatorhomeimprovement.com/wp-includes/css/dist/block-library/style.minef10.css]
[www.gladiatorhomeimprovement.com/wp-content/plugins/contact-form-7/includes/css/styles7404.css]
[www.gladiatorhomeimprovement.com/wp-content/plugins/honeypot/includes/css/wpa761a.css]
[www.gladiatorhomeimprovement.com/wp-content/plugins/contact-form-7/modules/recaptcha/index7404.js]
[www.gladiatorhomeimprovement.com/wp-content/plugins/my-reviews/build/fonts/fontawesome-webfont.de3985a9.eot]
[www.gladiatorhomeimprovement.com/wp-content/plugins/my-reviews/build/fonts/fontawesome-webfont.de3985a9d41d.eot]
[www.gladiatorhomeimprovement.com/wp-content/plugins/my-reviews/build/fonts/fontawesome-webfont.a492f3a9.woff]
[www.gladiatorhomeimprovement.com/wp-content/plugins/my-reviews/build/fonts/fontawesome-webfont.b048c7e6.ttf]
[www.gladiatorhomeimprovement.com/wp-content/plugins/my-reviews/build/fonts/icons.607f2f98.eot]
[www.gladiatorhomeimprovement.com/wp-content/plugins/my-reviews/build/fonts/icons.e753b75a.ttf]
[www.gladiatorhomeimprovement.com/wp-content/plugins/my-reviews/build/fonts/icons.46307f1f.woff]
[www.gladiatorhomeimprovement.com/wp-content/plugins/my-reviews/build/images/ajax-loader.fb6f3c23.gif]
[www.gladiatorhomeimprovement.com/wp-content/plugins/my-reviews/build/fonts/slick.a4e97f5a.eot]
[www.gladiatorhomeimprovement.com/wp-content/plugins/my-reviews/build/fonts/slick.a4e97f5ad41d.eot]
[www.gladiatorhomeimprovement.com/wp-content/plugins/my-reviews/build/fonts/slick.29518378.woff]
[www.gladiatorhomeimprovement.com/wp-content/plugins/my-reviews/build/fonts/slick.c94f7671.ttf]
[www.gladiatorhomeimprovement.com/wp-content/plugins/my-reviews/build/style-index8a54.css]
[www.gladiatorhomeimprovement.com/wp-includes/fonts/dashicons7d4b.eot]
[www.gladiatorhomeimprovement.com/wp-includes/fonts/dashicons7d4b.ttf]
[www.gladiatorhomeimprovement.com/wp-includes/css/dashicons.minef10.css]
[www.gladiatorhomeimprovement.com/wp-content/plugins/wpcf7-redirect/build/css/wpcf7-redirect-frontend.min4963.css]
[www.gladiatorhomeimprovement.com/wp-content/themes/theme-echo/dist/fonts/@fortawesome/fontawesome-free/webfonts/fa-brands-400.woff2]
[www.gladiatorhomeimprovement.com/wp-content/themes/theme-echo/dist/webfonts/fa-brands-400.ttf]
[www.gladiatorhomeimprovement.com/wp-content/themes/theme-echo/dist/fonts/@fortawesome/fontawesome-free/webfonts/fa-regular-400.woff2]
[www.gladiatorhomeimprovement.com/wp-content/themes/theme-echo/dist/webfonts/fa-regular-400.ttf]
[www.gladiatorhomeimprovement.com/wp-content/themes/theme-echo/dist/fonts/@fortawesome/fontawesome-free/webfonts/fa-solid-900.woff2]
[www.gladiatorhomeimprovement.com/wp-content/themes/theme-echo/dist/webfonts/fa-solid-900.ttf]
[www.gladiatorhomeimprovement.com/wp-content/themes/theme-echo/dist/images/jquery-ui-dist/images/ui-icons_444444_256x240.png]
[www.gladiatorhomeimprovement.com/wp-content/themes/theme-echo/dist/images/jquery-ui-dist/images/ui-icons_555555_256x240.png]
[www.gladiatorhomeimprovement.com/wp-content/themes/theme-echo/dist/images/jquery-ui-dist/images/ui-icons_ffffff_256x240.png]
[www.gladiatorhomeimprovement.com/wp-content/themes/theme-echo/dist/images/jquery-ui-dist/images/ui-icons_777620_256x240.png]
[www.gladiatorhomeimprovement.com/wp-content/themes/theme-echo/dist/images/jquery-ui-dist/images/ui-icons_cc0000_256x240.png]
[www.gladiatorhomeimprovement.com/wp-content/themes/theme-echo/dist/images/jquery-ui-dist/images/ui-icons_777777_256x240.png]
[www.gladiatorhomeimprovement.com/wp-content/themes/theme-echo/dist/images/temp/Arrow-Left-paging.svg]
[www.gladiatorhomeimprovement.com/wp-content/themes/theme-echo/dist/images/temp/Arrow-Right-paging.svg]
[www.gladiatorhomeimprovement.com/wp-content/themes/theme-echo/dist/images/temp/enlarge-arrows.svg]
[www.gladiatorhomeimprovement.com/wp-content/themes/theme-echo/dist/images/temp/Arrow-Right-more.svg]
[www.gladiatorhomeimprovement.com/wp-content/themes/theme-echo/dist/images/temp/search.svg]
[www.gladiatorhomeimprovement.com/wp-content/themes/theme-echo/dist/images/temp/select.svg]
[www.gladiatorhomeimprovement.com/wp-content/themes/theme-echo/dist/images/temp/Arrow-Right-green.svg]
[www.gladiatorhomeimprovement.com/wp-content/themes/theme-echo/dist/images/temp/pin.svg]
[www.gladiatorhomeimprovement.com/wp-content/themes/theme-echo/dist/images/temp/Arrow-Right-nav.svg]
[www.gladiatorhomeimprovement.com/wp-content/themes/theme-echo/dist/images/temp/check.svg]
[www.gladiatorhomeimprovement.com/wp-content/themes/theme-echo/dist/images/temp/Vector.svg]
[www.gladiatorhomeimprovement.com/wp-content/themes/theme-echo/dist/images/temp/btn-arrow.svg]
[www.gladiatorhomeimprovement.com/wp-content/themes/theme-echo/dist/images/temp/arrow-date.svg]
[www.gladiatorhomeimprovement.com/wp-content/themes/theme-echo/dist/images/temp/Close-Icon.svg]
[www.gladiatorhomeimprovement.com/wp-content/themes/theme-echo/dist/images/temp/arrow-right-gallery.svg]
[www.gladiatorhomeimprovement.com/wp-content/themes/theme-echo/dist/css/bundle-5b1e4e306aef10.css]
[www.gladiatorhomeimprovement.com/wp-content/themes/theme-echo/style363c.css]
[www.gladiatorhomeimprovement.com/xmlrpc0db0.html]
[www.gladiatorhomeimprovement.com/wp-content/uploads/2024/04/GHI-New-Logo.svg]
[www.gladiatorhomeimprovement.com/wp-content/uploads/2024/04/GHI-Black-Logo.svg]
[www.gladiatorhomeimprovement.com/wp-content/themes/theme-echo/dist/images/temp/info-icon.svg]
[www.gladiatorhomeimprovement.com/wp-content/themes/theme-echo/dist/images/temp/close.svg]
[www.gladiatorhomeimprovement.com/wp-json/wp/v2/pages/14.json]
[www.gladiatorhomeimprovement.com/wp-json/oembed/1.0/embeda028.json]
[www.gladiatorhomeimprovement.com/wp-json/oembed/1.0/embedf667]
[www.gladiatorhomeimprovement.com/wp-content/uploads/2023/11/about-beautiful-front-house-exterior-painting.webp]
[www.gladiatorhomeimprovement.com/wp-content/uploads/2024/04/exterior-view-of-a-house-side-painted.webp]
[www.gladiatorhomeimprovement.com/wp-content/uploads/2024/04/IMG_0982230a.mp4]
[www.gladiatorhomeimprovement.com/wp-content/uploads/2024/04/IMG_0982.mp4]
[www.gladiatorhomeimprovement.com/wp-includes/js/mediaelement/mediaelementplayer-legacy.min1f61.css]
[www.gladiatorhomeimprovement.com/wp-includes/js/mediaelement/wp-mediaelement.minef10.css]
[www.gladiatorhomeimprovement.com/wp-includes/js/mediaelement/mediaelement-and-player.min1f61.js]
[www.gladiatorhomeimprovement.com/wp-includes/js/mediaelement/mediaelement-migrate.minef10.js]
[www.gladiatorhomeimprovement.com/wp-includes/js/mediaelement/wp-mediaelement.minef10.js]
[www.gladiatorhomeimprovement.com/wp-includes/js/mediaelement/renderers/vimeo.min1f61.js]
[www.gladiatorhomeimprovement.com/about/index.html]
[www.gladiatorhomeimprovement.com/wp-json/wp/v2/pages/1252.json]
[www.gladiatorhomeimprovement.com/wp-json/oembed/1.0/embedc482.json]
[www.gladiatorhomeimprovement.com/wp-json/oembed/1.0/embedee9d]
[www.gladiatorhomeimprovement.com/wp-content/uploads/2023/11/hero-interior-painting-services.webp]
[www.gladiatorhomeimprovement.com/wp-content/themes/theme-echo/dist/images/temp/Down-Arrow.svg]
[www.gladiatorhomeimprovement.com/wp-content/uploads/2024/04/newly-painted-walls-in-a-house.webp]
[www.gladiatorhomeimprovement.com/interior-painter/index.html]
[www.gladiatorhomeimprovement.com/wp-json/wp/v2/pages/1253.json]
[www.gladiatorhomeimprovement.com/wp-json/oembed/1.0/embedba54.json]
[www.gladiatorhomeimprovement.com/wp-json/oembed/1.0/embed1572]
[www.gladiatorhomeimprovement.com/wp-content/uploads/2023/11/hero-exterior-painting-services.webp]
[www.gladiatorhomeimprovement.com/wp-content/uploads/2023/11/wide-view-exterior-painting-grey-and-white.webp]
[www.gladiatorhomeimprovement.com/wp-content/uploads/2024/04/exterior-paints-available.webp]
[www.gladiatorhomeimprovement.com/exterior-painter/index.html]
[www.gladiatorhomeimprovement.com/wp-json/wp/v2/pages/1254.json]
[www.gladiatorhomeimprovement.com/wp-json/oembed/1.0/embedf97e.json]
[www.gladiatorhomeimprovement.com/wp-json/oembed/1.0/embed15a5]
[www.gladiatorhomeimprovement.com/wp-content/uploads/2023/11/hero-staining-services.webp]
[www.gladiatorhomeimprovement.com/wp-content/uploads/2024/02/worker-staining-a-deck-with-a-bursh.webp]
[www.gladiatorhomeimprovement.com/deck-staining-service/index.html]
[www.gladiatorhomeimprovement.com/wp-json/wp/v2/pages/1926.json]
[www.gladiatorhomeimprovement.com/wp-json/oembed/1.0/embed8b08.json]
[www.gladiatorhomeimprovement.com/wp-json/oembed/1.0/embed798c]
[www.gladiatorhomeimprovement.com/wp-content/uploads/2024/02/worker-picking-some-leaves-of-a-white-gutter.webp]
[www.gladiatorhomeimprovement.com/wp-content/uploads/2024/02/worker-cleaning-a-gutter-of-a-house-with-white-gloves.webp]
[www.gladiatorhomeimprovement.com/gutter-cleaning-services/index.html]
[www.gladiatorhomeimprovement.com/wp-json/wp/v2/pages/1954.json]
[www.gladiatorhomeimprovement.com/wp-json/oembed/1.0/embed3182.json]
[www.gladiatorhomeimprovement.com/wp-json/oembed/1.0/embed9056]
[www.gladiatorhomeimprovement.com/wp-content/uploads/2024/04/wood-rot-on-roof.jpg]
[www.gladiatorhomeimprovement.com/wp-content/uploads/2024/04/Wood-rot-and-siding-repair-service.jpg]
[www.gladiatorhomeimprovement.com/wood-rot-repair/index.html]
[www.gladiatorhomeimprovement.com/wp-json/wp/v2/pages/20.json]
[www.gladiatorhomeimprovement.com/wp-json/oembed/1.0/embedd099.json]
[www.gladiatorhomeimprovement.com/wp-json/oembed/1.0/embed747e]
[www.gladiatorhomeimprovement.com/areas-we-serve/index.html]
[www.gladiatorhomeimprovement.com/wp-json/wp/v2/pages/1852.json]
[www.gladiatorhomeimprovement.com/wp-json/oembed/1.0/embed92b7.json]
[www.gladiatorhomeimprovement.com/wp-json/oembed/1.0/embed1780]
[www.gladiatorhomeimprovement.com/wp-content/uploads/2022/08/overlay-blank-papers-404-image.webp]
[www.gladiatorhomeimprovement.com/wp-content/uploads/2024/05/unnamed-2-768x1024.jpg]
[www.gladiatorhomeimprovement.com/wp-content/uploads/2024/05/unnamed-4-717x1024.jpg]
[www.gladiatorhomeimprovement.com/meet-the-team/index.html]
[www.gladiatorhomeimprovement.com/wp-json/wp/v2/pages/17.json]
[www.gladiatorhomeimprovement.com/wp-json/oembed/1.0/embed9321.json]
[www.gladiatorhomeimprovement.com/wp-json/oembed/1.0/embedf882]
[www.gladiatorhomeimprovement.com/wp-content/uploads/2023/11/gallery-close-up-wall-being-painted.webp]
[www.gladiatorhomeimprovement.com/gallery/index.html]
[www.gladiatorhomeimprovement.com/wp-json/wp/v2/pages/16.json]
[www.gladiatorhomeimprovement.com/wp-json/oembed/1.0/embed1ce4.json]
[www.gladiatorhomeimprovement.com/wp-json/oembed/1.0/embed1ddf]
[www.gladiatorhomeimprovement.com/wp-content/uploads/2023/11/contact-close-up-cyan-painting-.webp]
[www.gladiatorhomeimprovement.com/wp-content/uploads/2024/04/Brian-Harrell.webp]
[www.gladiatorhomeimprovement.com/wp-content/uploads/2024/04/Chase-Jarvis.webp]
[www.gladiatorhomeimprovement.com/contact/index.html]
[www.gladiatorhomeimprovement.com/wp-content/themes/theme-echo/dist/images/temp/email-Icon.svg]
[www.gladiatorhomeimprovement.com/wp-content/themes/theme-echo/dist/images/temp/phone.svg]
[www.gladiatorhomeimprovement.com/wp-content/themes/theme-echo/dist/webfonts/fa-brands-400.html]
[www.gladiatorhomeimprovement.com/wp-content/themes/theme-echo/dist/webfonts/fa-regular-400.html]
[www.gladiatorhomeimprovement.com/wp-content/themes/theme-echo/dist/webfonts/fa-solid-900.html]
[www.gladiatorhomeimprovement.com/wp-content/themes/theme-echo/dist/images/temp/Arrow-Left-paging.svg]
[www.gladiatorhomeimprovement.com/wp-content/themes/theme-echo/dist/images/temp/Arrow-Right-paging.svg]
[www.gladiatorhomeimprovement.com/wp-content/themes/theme-echo/dist/images/temp/enlarge-arrows.svg]
[www.gladiatorhomeimprovement.com/wp-content/themes/theme-echo/dist/images/temp/Arrow-Right-more.svg]
[www.gladiatorhomeimprovement.com/wp-content/themes/theme-echo/dist/images/temp/search.svg]
[www.gladiatorhomeimprovement.com/wp-content/themes/theme-echo/dist/images/temp/select.svg]
[www.gladiatorhomeimprovement.com/wp-content/themes/theme-echo/dist/images/temp/Arrow-Right-green.svg]
[www.gladiatorhomeimprovement.com/wp-content/themes/theme-echo/dist/images/temp/pin.svg]
[www.gladiatorhomeimprovement.com/wp-content/themes/theme-echo/dist/images/temp/Arrow-Right-nav.svg]
[www.gladiatorhomeimprovement.com/wp-content/themes/theme-echo/dist/images/temp/check.svg]
[www.gladiatorhomeimprovement.com/wp-content/themes/theme-echo/dist/images/temp/Vector.svg]
[www.gladiatorhomeimprovement.com/wp-content/themes/theme-echo/dist/images/temp/btn-arrow.svg]
[www.gladiatorhomeimprovement.com/wp-content/themes/theme-echo/dist/images/temp/arrow-date.svg]
[www.gladiatorhomeimprovement.com/wp-content/themes/theme-echo/dist/images/temp/Close-Icon.svg]
[www.gladiatorhomeimprovement.com/wp-content/themes/theme-echo/dist/images/temp/arrow-right-gallery.svg]
[www.gladiatorhomeimprovement.com/index0b69.html]
[www.gladiatorhomeimprovement.com/wp-includes/js/mediaelement/mejs-controls.svg]
[www.gladiatorhomeimprovement.com/wp-includes/js/mediaelement/mediaelementplayer-legacy.min1f61.css]
[www.gladiatorhomeimprovement.com/wp-includes/js/mediaelement/wp-mediaelement.minef10.css]
[www.gladiatorhomeimprovement.com/indexb09c.html]
[www.gladiatorhomeimprovement.com/wp-content/themes/theme-echo/dist/images/temp/Down-Arrow.svg]
[www.gladiatorhomeimprovement.com/indexa69b.html]
[www.gladiatorhomeimprovement.com/index2fb4.html]
[www.gladiatorhomeimprovement.com/index913e.html]
[www.gladiatorhomeimprovement.com/index80d7.html]
[www.gladiatorhomeimprovement.com/index341b.html]
[www.gladiatorhomeimprovement.com/index42dd.html]
[www.gladiatorhomeimprovement.com/indexd8eb.html]
[www.gladiatorhomeimprovement.com/index0e62.html]
[www.gladiatorhomeimprovement.com/wp-includes/js/mediaelement/mejs-controls.svg]
